=== EncapsulateRecordTargets.java ===
package com.example;

/**
 * Fixtures for Fowler row 10, Encapsulate Record, as data kind=encapsulate_record.
 *
 * <p>The canonical class hands two fields out by name and also declares a constant, so one
 * run exercises the encapsulation and the skip in the same call. The second class is already
 * in the state the operation produces, which is the refusal.</p>
 *
 * <p>The nested shape is deliberate: the composed rows re-resolve their target between steps,
 * and a member class is where a name-keyed lookup goes wrong.</p>
 */
public class EncapsulateRecordTargets {

    /**
     * A DECOY, declared FIRST on purpose — see the same shape in {@code ReferenceToValueTargets}.
     *
     * <p>Its member class shares {@link Coordinate}'s simple name, which Java allows. A recipe
     * that carries its target between steps as a simple name and re-resolves it by searching
     * the file depth-first lands HERE at every step of a request about the real
     * {@code Coordinate}. Below it, the search is accidentally right and the defect cannot be
     * seen — which is the state this fixture was in while the row shipped.</p>
     *
     * <p>Its field is public and never touched by the tests, so if a run ever did land here it
     * would be visible as a rewrite of a class nobody pointed at.</p>
     */
    public static class Legacy {

        /**
         * Same simple name as its sibling one level up, and nothing else in common.
         *
         * <p>Package-private ON PURPOSE: the model search this decoy exists to catch does not
         * filter by visibility, so it still finds this one first — while the tests anchor on a
         * declaration that is public, which now matches only the real target. A decoy that
         * also matched the anchor would move the tests rather than the defect. THIS COMMENT
         * MUST NOT SPELL THE ANCHOR EITHER: the first version did, the line search matched the
         * comment, and the caret landed on this class — the fixture rule earned at row 54,
         * broken in the very sentence explaining the fixture.</p>
         */
        static class Coordinate {

            public String datum;

            public Coordinate(String datum) {
                this.datum = datum;
            }
        }
    }

    /** Two public fields and a constant beside them. */
    public static class Coordinate {

        public static final String DATUM = "WGS84";

        private double latitude;
        private double longitude;

        public Coordinate(double latitude, double longitude) {
            this.setLatitude(latitude);
            this.setLongitude(longitude);
        }

        public double getLongitude() {
			return longitude;
		}

		public void setLongitude(double longitude) {
			this.longitude = longitude;
		}

		public double getLatitude() {
			return latitude;
		}

		public void setLatitude(double latitude) {
			this.latitude = latitude;
		}

		public double distanceFromOrigin() {
            return Math.sqrt(getLatitude() * getLatitude() + getLongitude() * getLongitude());
        }
    }

    /** Already owns its state, so there is nothing here for this operation to do. */
    public static class Sealed {

        private int reading;

        public Sealed(int reading) {
            this.reading = reading;
        }

        public int getReading() {
            return reading;
        }
    }
}
=== EncapsulateRecordUser.java ===
package com.example;

/**
 * Reads a bare record's fields from another file.
 *
 * <p>Encapsulating a field rewrites every direct access to it, and the accesses that matter
 * are the ones the caller never pointed the tool at. A reader in the same file would not show
 * that.</p>
 */
public class EncapsulateRecordUser {

    public String describe(EncapsulateRecordTargets.Coordinate where) {
        return "at " + where.getLatitude() + "/" + where.getLongitude();
    }

    public double northOf(EncapsulateRecordTargets.Coordinate where) {
        return where.getLatitude();
    }
}
