APPLIED-STAGED constantName=DEFAULT_PREFIX constantType=String
---DIFF---
--- a/src/main/java/com/example/RefactoringTarget.java
+++ b/src/main/java/com/example/RefactoringTarget.java
@@ -12,7 +12,8 @@
  */
 public class RefactoringTarget {
 
-    // Field for rename testing
+    private static final String DEFAULT_PREFIX = "PREFIX_";
+	// Field for rename testing
     private String userName;
     private int count;
 
@@ -33,7 +34,7 @@
         System.out.println(result);
 
         // Expression to extract as constant
-        String prefix = "PREFIX_";
+        String prefix = DEFAULT_PREFIX;
         System.out.println(prefix + input);
     }
 

