=== MoveFieldSource.java ===
package com.example;

/**
 * Fixture for Move Field (Sprint 28d-rescue, row 23).
 *
 * <p>{@code SHARED_LIMIT} is static and is read from another class, so moving it must
 * rewrite that reference too — the half of this refactoring a declaration-only move gets
 * wrong. {@code instanceCount} is the instance case the tool refuses, and it is here so
 * the refusal has something real to refuse.</p>
 */
public class MoveFieldSource {

    /** The receiver an instance move is rewritten through — named by the caller. */
    private final MoveFieldTarget target = new MoveFieldTarget();

    /** Instance state, private, so every access to it lives in this file. */
    private int instanceCount;

    /** Not private, so its readers are outside this file's reach — the refused case. */
    public int exposed;

    public int bump() {
        instanceCount++;
        return instanceCount;
    }

    public int limit() {
        return MoveFieldTarget.SHARED_LIMIT;
    }
}
=== MoveFieldTarget.java (sorted lines) ===
/** Static, and used from MoveFieldUser — the reference must travel with it. */
/** The EXISTING class Move Field moves into (Sprint 28d-rescue, row 23). */
package com.example;
public class MoveFieldTarget {
public int describe() {
public static final int SHARED_LIMIT = 42;
return 1;
}
}
=== MoveFieldUser.java ===
package com.example;

/**
 * A second reader of the moved field, in another class.
 *
 * <p>This is what makes the fixture worth having: a move that relocates the declaration
 * and leaves this reference behind produces code that does not compile, and the compile
 * gate would catch it — but only because somebody wrote a reference for it to break.</p>
 */
public class MoveFieldUser {

    public int doubled() {
        return MoveFieldTarget.SHARED_LIMIT * 2;
    }
}
