=== Audited.java ===
package com.example;

/**
 * Rows 25 and 26 (Sprint 28d-rescue). `note()` is preceded by the same audit line at BOTH
 * its call sites, so moving that line in changes nothing. `partial()` is preceded by it at
 * one of two, which is the case the move must refuse. `threeSteps()` exists so row 26's
 * middle-statement refusal has a genuine target — a C6 audit found that test pointing at a
 * field instead, which is rejected earlier and for a different reason.
 */
public class Audited {

    static int audits = 0;
    static int exits = 0;
    static String trail = "";

    public void note() {
    }

    public void partial() {
        exits = exits + 1;
    }

    public void describe(String label) {
        trail = trail + "label=" + label;
    }

    public void threeSteps() {
        audits = audits + 1;
        exits = exits + 1; // the middle
        audits = audits + 2;
    }
}
=== AuditedCaller.java ===
package com.example;

/**
 * Both calls to note() carry the audit line; only one call to partial() does.
 *
 * <p>describeIt() calls describe() with a local named `tag`, not `label`. Row 26 moving
 * describe()'s statement out must rewrite the NAME `label` to `tag` and leave the string
 * literal "label=" alone — the two are the same word, and only the AST can tell them
 * apart.</p>
 */
public class AuditedCaller {

    public void first(Audited audited) {
        Audited.audits = Audited.audits + 1;
        Audited.exits = Audited.exits + 1;
        audited.note();
    }

    public void second(Audited audited) {
        Audited.audits = Audited.audits + 1;
        Audited.exits = Audited.exits + 1;
        audited.note();
    }

    public void withAudit(Audited audited) {
        Audited.audits = Audited.audits + 1;
        audited.partial();
    }

    public void describeIt(Audited audited, String tag) {
        audited.describe(tag);
    }

    public void withoutAudit(Audited audited) {
        audited.partial();
    }
}
