APPLIED-STAGED symbolKind=Class oldName=HelloWorld newName=Greeting fileRenamed=HelloWorld.java -> Greeting.java
---DIFF---
--- a/src/main/java/com/example/HelloWorld.java
+++ b/src/main/java/com/example/HelloWorld.java
@@ -49,7 +49,7 @@
      * @param args command line arguments
      */
     public static void main(String[] args) {
-        HelloWorld hello = new HelloWorld();
+        Greeting hello = new Greeting();
         hello.printGreeting();
     }
 }

